2025-10-29 04:58:22 [src\report\repodata.rs:218] INFO  👉 calculate()
2025-10-29 04:58:22 [src\report\repodata.rs:313] INFO  👉 export_to_xlsx()
2025-10-29 04:58:22 [src\report\repodata.rs:314] DEBUG RepoData {
    ship_name: "VENTURE IBERIA",
    imo: "9970571",
    capa: 200000.0,
    tz_departure: "GMT+9",
    tz_arrival: "GMT+9",
    port_departure: "Port A",
    port_arrival: "Port B",
    datetime_departure: "2025-10-29 03:00:00",
    datetime_arrival: "2025-10-29 04:00:00",
    me_model: "MAN B&W 6G70ME-C10.5-GI x 2",
    mcr_pwr: 14365.0,
    mcr_rpm: 72.2,
    voyage_hours: 1.0,
    voyage_days: 0.041666666666666664,
    tf: 8.72974681854248,
    tm: 8.942442893981934,
    ta: 9.155138969421387,
    bn0_hr: 0.016666666666666666,
    bn4_hr: 0.3083333333333333,
    bn5_hr: 0.6583333333333333,
    bn7_hr: 0.0,
    distance_gps: 14.630202625833334,
    distance_log: 14.51384729820614,
    sog: 14.69199470690479,
    stw: 14.573338906140764,
    prop_pitch: 9.12985,
    slip_gps: 0.058488315248989356,
    slip_log: 0.06460544591796107,
    lng_density: 445.056,
    lng_vol_departure: 4363.60498046875,
    lng_mass_departure: 1942048.5781875,
    lng_vol_arrival: 4338.708984375,
    lng_mass_arrival: 1930968.46575,
    lng_temp_departure: -149.86666870117188,
    lng_temp_departure_ct: [
        -152.88999938964844,
        -138.63999938964844,
        -158.07000732421875,
    ],
    lng_temp_arrival: -147.9633331298828,
    lng_temp_arrival_ct: [
        -150.3699951171875,
        -135.4199981689453,
        -158.10000610351563,
    ],
    vapor_press_departure: 1209.7266845703125,
    vapor_press_departure_ct: [
        1209.34521484375,
        1210.0445556640625,
        1209.8538818359375,
        1209.6630859375,
    ],
    vapor_press_arrival: 1210.5531311035156,
    vapor_press_arrival_ct: [
        1210.108154296875,
        1210.8709716796875,
        1210.6802978515625,
        1210.5531005859375,
    ],
    bog_density: 0.78011,
    bog_lhv: 49540.0,
    shaft_eff: 0.99,
    sg_eff: 0.88859826,
    alter_eff: 0.963,
    me1_lsmgo_foc: 52.037109375,
    me2_lsmgo_foc: 39.44140625,
    me1_lng_fgc: 0.865264892578125,
    me2_lng_fgc: 0.9033279418945313,
    ge_lsmgo_in: 0.5358200073242188,
    ge_pilot_in: 1.447509765625,
    ge_pilot_out: 1.44024658203125,
    ge_lsmgo_foc: 0.5430831909179688,
    ge_lng_fgc: 0.0,
    sg_lsmgo_foc: NaN,
    sg_lng_fgc: NaN,
    ab_lsmgo_foc: 0.0,
    gcu_flow: 0.0,
    reliquefied_flow: 1.16925048828125,
    vent_flow: 0.0,
    vapor_out_flow: 0.00045013427734375,
    me1_shaft_power: 4949.775,
    me2_shaft_power: 5104.370833333333,
    me1_shaft_rpm: 52.926999966303505,
    me2_shaft_rpm: 52.66349992752075,
    sg1_power: 1182.0102088928222,
    sg2_power: 1191.3697086970012,
    alter_power: 2457.675950495402,
    me1_out_power: NaN,
    me2_out_power: NaN,
    ge_out_power: NaN,
    total_lsmgo_foc_propulsion: NaN,
    total_lsmgo_foc_generation: NaN,
    total_lng_fgc_propulsion: NaN,
    total_lng_fgc_generation: NaN,
    total_foeq_propulsion: NaN,
    total_foeq_generation: NaN,
    lhv_corr_fgc_propulsion: NaN,
    lhv_corr_fgc_generation: NaN,
    total_bog_flow: NaN,
    evapor_mass: 25100.007080772062,
    bor_mass: NaN,
    bor_vol: NaN,
    bor_daily: NaN,
    propulsion_power: NaN,
    foeq_sfoc_propulsion: NaN,
    generation_power: NaN,
    foeq_sfoc_generation: NaN,
}
2025-10-29 04:58:22 [src\report\repodata.rs:1324] DEBUG  - output path: "C:\\Users\\H5495\\Documents\\test.xlsx"
