2025-10-29 04:58:22 INFO  👉 get the data set for a voyage report. [report.rs:963]
2025-10-29 04:58:22 DEBUG Input {
    datetime_departure: "2025-10-29 03:00:00",
    datetime_arrival: "2025-10-29 04:00:00",
    tz_departure: "GMT+9",
    tz_arrival: "GMT+9",
    port_departure: "Port A",
    port_arrival: "Port B",
    lng_density: 445.056,
    bog_density: 0.78011,
    bog_lhv: 49540.0,
    output_file: "C:\\Users\\H5495\\Documents\\test.xlsx",
} [report.rs:964]
2025-10-29 04:58:22 DEBUG 👉 get_boundary_values() [report.rs:496]
2025-10-29 04:58:22 DEBUG Sql Departure: 
SELECT
device_created_time,
name,
double_v
FROM t2x_dsme_devicedata.device_telemetries
WHERE entity_id = ?
AND second_id = ?
AND name = ?
AND partition IN (1761609600000, 1761696000000)
AND device_created_time >= 1761674400000
AND device_created_time <= 1761674415000
ORDER BY
device_created_time
LIMIT 10; [report.rs:530]
2025-10-29 04:58:22 DEBUG Sql Arrival: 
SELECT
device_created_time,
name,
double_v
FROM t2x_dsme_devicedata.device_telemetries
WHERE entity_id = ?
AND second_id = ?
AND name = ?
AND partition IN (1761609600000, 1761523200000)
AND device_created_time >= 1761677985000
AND device_created_time <= 1761678000000
ORDER BY device_created_time DESC
LIMIT 10; [report.rs:530]
2025-10-29 04:58:22 DEBUG  - Item: Vapor Header Pressure CT1 [report.rs:630]
2025-10-29 04:58:22 DEBUG    Tag: CTS.CT1.PRESS/Meas1/PRIM [report.rs:631]
2025-10-29 04:58:22 DEBUG    Departure: 2025-10-28 18:00:13, Value:   1209.3452 [report.rs:632]
2025-10-29 04:58:22 DEBUG    Arrival:   2025-10-28 18:59:58, Value:   1210.1082 [report.rs:637]
2025-10-29 04:58:22 DEBUG  - Item: Total flow through Vent mast [report.rs:630]
2025-10-29 04:58:22 DEBUG    Tag: GH024.02/AccValue/PRIM [report.rs:631]
2025-10-29 04:58:22 DEBUG    Departure: 2025-10-28 18:00:13, Value:    162.6310 [report.rs:632]
2025-10-29 04:58:22 DEBUG    Arrival:   2025-10-28 18:59:58, Value:    162.6310 [report.rs:637]
2025-10-29 04:58:22 DEBUG  - Item: Generators Fuel Gas consumption [report.rs:630]
2025-10-29 04:58:22 DEBUG    Tag: GE006.02/AccValue/PRIM [report.rs:631]
2025-10-29 04:58:22 DEBUG    Departure: 2025-10-28 18:00:13, Value:     67.3195 [report.rs:632]
2025-10-29 04:58:22 DEBUG    Arrival:   2025-10-28 18:59:58, Value:     67.3195 [report.rs:637]
2025-10-29 04:58:22 DEBUG  - Item: LNG Temperature CT1 [report.rs:630]
2025-10-29 04:58:22 DEBUG    Tag: CTS.CT1.TMP.LIQ/Meas1/PRIM [report.rs:631]
2025-10-29 04:58:22 DEBUG    Departure: 2025-10-28 18:00:13, Value:   -152.8900 [report.rs:632]
2025-10-29 04:58:22 DEBUG    Arrival:   2025-10-28 18:59:58, Value:   -150.3700 [report.rs:637]
2025-10-29 04:58:22 DEBUG  - Item: LNG Volume [report.rs:630]
2025-10-29 04:58:22 DEBUG    Tag: TotalLiq/Meas1/PRIM [report.rs:631]
2025-10-29 04:58:22 DEBUG    Departure: 2025-10-28 18:00:13, Value:   4363.6050 [report.rs:632]
2025-10-29 04:58:22 DEBUG    Arrival:   2025-10-28 18:59:58, Value:   4338.7090 [report.rs:637]
2025-10-29 04:58:22 DEBUG  - Item: LNG Temperature CT2 [report.rs:630]
2025-10-29 04:58:22 DEBUG    Tag: CTS.CT2.TMP.LIQ/Meas1/PRIM [report.rs:631]
2025-10-29 04:58:22 DEBUG    Departure: 2025-10-28 18:00:13, Value:   -138.6400 [report.rs:632]
2025-10-29 04:58:22 DEBUG    Arrival:   2025-10-28 18:59:58, Value:   -135.4200 [report.rs:637]
2025-10-29 04:58:22 DEBUG  - Item: Vapor Header Pressure CT4 [report.rs:630]
2025-10-29 04:58:22 DEBUG    Tag: CTS.CT4.PRESS/Meas1/PRIM [report.rs:631]
2025-10-29 04:58:22 DEBUG    Departure: 2025-10-28 18:00:13, Value:   1210.0446 [report.rs:632]
2025-10-29 04:58:22 DEBUG    Arrival:   2025-10-28 18:59:58, Value:   1210.8710 [report.rs:637]
2025-10-29 04:58:22 DEBUG  - Item: Vapor Header Pressure CT2 [report.rs:630]
2025-10-29 04:58:22 DEBUG    Tag: CTS.CT2.PRESS/Meas1/PRIM [report.rs:631]
2025-10-29 04:58:22 DEBUG    Departure: 2025-10-28 18:00:13, Value:   1209.8539 [report.rs:632]
2025-10-29 04:58:22 DEBUG    Arrival:   2025-10-28 18:59:58, Value:   1210.6803 [report.rs:637]
2025-10-29 04:58:22 DEBUG  - Item: GE Alternator flow in [report.rs:630]
2025-10-29 04:58:22 DEBUG    Tag: FM-DG_40100.02/AccValue/PRIM [report.rs:631]
2025-10-29 04:58:22 DEBUG    Departure: 2025-10-28 18:00:13, Value:    347.5229 [report.rs:632]
2025-10-29 04:58:22 DEBUG    Arrival:   2025-10-28 18:59:58, Value:    348.9704 [report.rs:637]
2025-10-29 04:58:22 DEBUG  - Item: Vapor Header Pressure CT3 [report.rs:630]
2025-10-29 04:58:22 DEBUG    Tag: CTS.CT3.PRESS/Meas1/PRIM [report.rs:631]
2025-10-29 04:58:22 DEBUG    Departure: 2025-10-28 18:00:13, Value:   1209.6631 [report.rs:632]
2025-10-29 04:58:22 DEBUG    Arrival:   2025-10-28 18:59:58, Value:   1210.5531 [report.rs:637]
2025-10-29 04:58:22 DEBUG  - Item: Total flow reliquefied [report.rs:630]
2025-10-29 04:58:22 DEBUG    Tag: FR029.02/AccValue/PRIM [report.rs:631]
2025-10-29 04:58:22 DEBUG    Departure: 2025-10-28 18:00:13, Value:    239.7855 [report.rs:632]
2025-10-29 04:58:22 DEBUG    Arrival:   2025-10-28 18:59:58, Value:    240.9547 [report.rs:637]
2025-10-29 04:58:22 DEBUG  - Item: Total flow through GCU [report.rs:630]
2025-10-29 04:58:22 DEBUG    Tag: GC029.02/AccValue/PRIM [report.rs:631]
2025-10-29 04:58:22 DEBUG    Departure: 2025-10-28 18:00:13, Value:     15.6218 [report.rs:632]
2025-10-29 04:58:22 DEBUG    Arrival:   2025-10-28 18:59:58, Value:     15.6218 [report.rs:637]
2025-10-29 04:58:22 DEBUG  - Item: Main engines LSMGO consumption ME1 [report.rs:630]
2025-10-29 04:58:22 DEBUG    Tag: FM-ME1-40100_A/AccValue/PRIM [report.rs:631]
2025-10-29 04:58:22 DEBUG    Departure: 2025-10-28 18:00:13, Value:  30491.3965 [report.rs:632]
2025-10-29 04:58:22 DEBUG    Arrival:   2025-10-28 18:59:58, Value:  30543.4336 [report.rs:637]
2025-10-29 04:58:22 DEBUG  - Item: GE Alternator flow out [report.rs:630]
2025-10-29 04:58:22 DEBUG    Tag: FM-DG_40101.02/AccValue/PRIM [report.rs:631]
2025-10-29 04:58:22 DEBUG    Departure: 2025-10-28 18:00:13, Value:    343.0863 [report.rs:632]
2025-10-29 04:58:22 DEBUG    Arrival:   2025-10-28 18:59:58, Value:    344.5266 [report.rs:637]
2025-10-29 04:58:22 DEBUG  - Item: LNG Temperature CT4 [report.rs:630]
2025-10-29 04:58:22 DEBUG    Tag: CTS.CT4.TMP.LIQ/Meas1/PRIM [report.rs:631]
2025-10-29 04:58:22 DEBUG    Departure: 2025-10-28 18:00:13, Value:   -158.0700 [report.rs:632]
2025-10-29 04:58:22 DEBUG    Arrival:   2025-10-28 18:59:58, Value:   -158.1000 [report.rs:637]
2025-10-29 04:58:22 DEBUG  - Item: LNG Temperature CT3 [report.rs:630]
2025-10-29 04:58:22 DEBUG    Tag: CTS.CT3.TMP.LIQ/Meas1/PRIM [report.rs:631]
2025-10-29 04:58:22 DEBUG    Departure: 2025-10-28 18:00:13, Value:   -500.0000 [report.rs:632]
2025-10-29 04:58:22 DEBUG    Arrival:   2025-10-28 18:59:58, Value:   -500.0000 [report.rs:637]
2025-10-29 04:58:22 DEBUG  - Item: Draft FWD [report.rs:630]
2025-10-29 04:58:22 DEBUG    Tag: DRAFT_FWD/Meas1/PRIM [report.rs:631]
2025-10-29 04:58:22 DEBUG    Departure: 2025-10-28 18:00:13, Value:      8.7297 [report.rs:632]
2025-10-29 04:58:22 DEBUG    Arrival:   2025-10-28 18:59:58, Value:      8.8377 [report.rs:637]
2025-10-29 04:58:22 DEBUG  - Item: Main engines BOG consumption ME2 [report.rs:630]
2025-10-29 04:58:22 DEBUG    Tag: GM046.02/AccValue/PRIM [report.rs:631]
2025-10-29 04:58:22 DEBUG    Departure: 2025-10-28 18:00:13, Value:     40.7423 [report.rs:632]
2025-10-29 04:58:22 DEBUG    Arrival:   2025-10-28 18:59:58, Value:     41.6456 [report.rs:637]
2025-10-29 04:58:22 DEBUG  - Item: Main engines BOG consumption ME1 [report.rs:630]
2025-10-29 04:58:22 DEBUG    Tag: GM045.02/AccValue/PRIM [report.rs:631]
2025-10-29 04:58:22 DEBUG    Departure: 2025-10-28 18:00:13, Value:     42.1578 [report.rs:632]
2025-10-29 04:58:22 DEBUG    Arrival:   2025-10-28 18:59:58, Value:     43.0231 [report.rs:637]
2025-10-29 04:58:22 DEBUG  - Item: Draft Aft [report.rs:630]
2025-10-29 04:58:22 DEBUG    Tag: DRAFT_AFT/Meas1/PRIM [report.rs:631]
2025-10-29 04:58:22 DEBUG    Departure: 2025-10-28 18:00:13, Value:      8.9992 [report.rs:632]
2025-10-29 04:58:22 DEBUG    Arrival:   2025-10-28 18:59:58, Value:      9.1551 [report.rs:637]
2025-10-29 04:58:22 DEBUG  - Item: Generator Engins LSMGO flow in [report.rs:630]
2025-10-29 04:58:22 DEBUG    Tag: OE012.02/AccValue/PRIM [report.rs:631]
2025-10-29 04:58:22 DEBUG    Departure: 2025-10-28 18:00:13, Value:     82.6164 [report.rs:632]
2025-10-29 04:58:22 DEBUG    Arrival:   2025-10-28 18:59:58, Value:     83.1523 [report.rs:637]
2025-10-29 04:58:22 DEBUG  - Item: Total LSMGO consumption AB [report.rs:630]
2025-10-29 04:58:22 DEBUG    Tag: OB001.02/AccValue/PRIM [report.rs:631]
2025-10-29 04:58:22 DEBUG    Departure: 2025-10-28 18:00:13, Value:     35.0555 [report.rs:632]
2025-10-29 04:58:22 DEBUG    Arrival:   2025-10-28 18:59:58, Value:     35.0555 [report.rs:637]
2025-10-29 04:58:22 DEBUG  - Item: Total flow forcing vaporizer outlet [report.rs:630]
2025-10-29 04:58:22 DEBUG    Tag: FV010.05/AccValue/PRIM [report.rs:631]
2025-10-29 04:58:22 DEBUG    Departure: 2025-10-28 18:00:13, Value:      0.9319 [report.rs:632]
2025-10-29 04:58:22 DEBUG    Arrival:   2025-10-28 18:59:58, Value:      0.9323 [report.rs:637]
2025-10-29 04:58:22 DEBUG  - Item: Main engines LSMGO consumption ME2 [report.rs:630]
2025-10-29 04:58:22 DEBUG    Tag: FM-ME2-40100_A/AccValue/PRIM [report.rs:631]
2025-10-29 04:58:22 DEBUG    Departure: 2025-10-28 18:00:13, Value:  30685.7910 [report.rs:632]
2025-10-29 04:58:22 DEBUG    Arrival:   2025-10-28 18:59:58, Value:  30725.2324 [report.rs:637]
2025-10-29 04:58:22 DEBUG 👉 get_series_values() [report.rs:317]
2025-10-29 04:58:22 DEBUG  - Item: Main engines average shaft RPM ME1 [report.rs:473]
2025-10-29 04:58:22 DEBUG    Tag: STM-003/Meas1/PRIM [report.rs:474]
2025-10-29 04:58:22 DEBUG    Count: 240 [report.rs:477]
2025-10-29 04:58:22 DEBUG  - Item: Main engines average shaft RPM ME2 [report.rs:473]
2025-10-29 04:58:22 DEBUG    Tag: STM-006/Meas1/PRIM [report.rs:474]
2025-10-29 04:58:22 DEBUG    Count: 240 [report.rs:477]
2025-10-29 04:58:22 DEBUG  - Item: Main engines load ME1 [report.rs:473]
2025-10-29 04:58:22 DEBUG    Tag: TX010.01/Meas1/PRIM [report.rs:474]
2025-10-29 04:58:22 DEBUG    Count: 240 [report.rs:477]
2025-10-29 04:58:22 DEBUG  - Item: Main engines load ME2 [report.rs:473]
2025-10-29 04:58:22 DEBUG    Tag: TX110.01/Meas1/PRIM [report.rs:474]
2025-10-29 04:58:22 DEBUG    Count: 240 [report.rs:477]
2025-10-29 04:58:22 DEBUG  - Item: Main engines average shaft power ME1 [report.rs:473]
2025-10-29 04:58:22 DEBUG    Tag: STM-001/Meas1/PRIM [report.rs:474]
2025-10-29 04:58:22 DEBUG    Count: 240 [report.rs:477]
2025-10-29 04:58:22 DEBUG  - Item: Main engines average shaft power ME2 [report.rs:473]
2025-10-29 04:58:22 DEBUG    Tag: STM-004/Meas1/PRIM [report.rs:474]
2025-10-29 04:58:22 DEBUG    Count: 240 [report.rs:477]
2025-10-29 04:58:22 DEBUG  - Item: Shaft Generator average output power SG1 [report.rs:473]
2025-10-29 04:58:22 DEBUG    Tag: PM501.22/Meas1/PRIM [report.rs:474]
2025-10-29 04:58:22 DEBUG    Count: 240 [report.rs:477]
2025-10-29 04:58:22 DEBUG  - Item: Shaft Generator average output power SG2 [report.rs:473]
2025-10-29 04:58:22 DEBUG    Tag: PM601.22/Meas1/PRIM [report.rs:474]
2025-10-29 04:58:22 DEBUG    Count: 240 [report.rs:477]
2025-10-29 04:58:22 DEBUG  - Item: GE Alternators average output power Alternator1 [report.rs:473]
2025-10-29 04:58:22 DEBUG    Tag: PM101.03/Meas1/PRIM [report.rs:474]
2025-10-29 04:58:22 DEBUG    Count: 240 [report.rs:477]
2025-10-29 04:58:22 DEBUG  - Item: GE Alternators average output power Alternator2-1 [report.rs:473]
2025-10-29 04:58:22 DEBUG    Tag: PM201.03/Meas1/PRIM [report.rs:474]
2025-10-29 04:58:22 DEBUG    Count: 240 [report.rs:477]
2025-10-29 04:58:22 DEBUG  - Item: GE Alternators average output power Alternator2-2 [report.rs:473]
2025-10-29 04:58:22 DEBUG    Tag: PM211.03/Meas1/PRIM [report.rs:474]
2025-10-29 04:58:22 DEBUG    Count: 240 [report.rs:477]
2025-10-29 04:58:22 DEBUG  - Item: GE Alternators average output power Alternator3 [report.rs:473]
2025-10-29 04:58:22 DEBUG    Tag: PM301.03/Meas1/PRIM [report.rs:474]
2025-10-29 04:58:22 DEBUG    Count: 240 [report.rs:477]
2025-10-29 04:58:22 INFO  👉 resample_df() [report.rs:277]
2025-10-29 04:58:22 DEBUG  - period: 15s [report.rs:278]
2025-10-29 04:58:22 INFO  👉 average_IAS [report.rs:920]
2025-10-29 04:58:22 DEBUG 👉 get_series_values() [report.rs:317]
2025-10-29 04:58:22 DEBUG  - Item: Speed over ground (GPS) [report.rs:473]
2025-10-29 04:58:22 DEBUG    Tag: speed_knots [report.rs:474]
2025-10-29 04:58:22 DEBUG    Count: 240 [report.rs:477]
2025-10-29 04:58:22 DEBUG  - Item: Course over ground [report.rs:473]
2025-10-29 04:58:22 DEBUG    Tag: true_course [report.rs:474]
2025-10-29 04:58:22 DEBUG    Count: 240 [report.rs:477]
2025-10-29 04:58:22 INFO  👉 count_BN() [report.rs:652]
2025-10-29 04:58:22 DEBUG  - period: 1 miniutes [report.rs:662]
2025-10-29 04:58:22 DEBUG 👉 get_series_values() [report.rs:317]
2025-10-29 04:58:22 DEBUG  - Item: Heading [report.rs:473]
2025-10-29 04:58:22 DEBUG    Tag: heading [report.rs:474]
2025-10-29 04:58:22 DEBUG    Count: 240 [report.rs:477]
2025-10-29 04:58:22 DEBUG 👉 get_series_values() [report.rs:317]
2025-10-29 04:58:22 DEBUG  - Item: Wind speed [report.rs:473]
2025-10-29 04:58:22 DEBUG    Tag: wind_speed [report.rs:474]
2025-10-29 04:58:22 DEBUG    Count: 240 [report.rs:477]
2025-10-29 04:58:22 DEBUG  - Item: Wind direction [report.rs:473]
2025-10-29 04:58:22 DEBUG    Tag: wind_angle [report.rs:474]
2025-10-29 04:58:22 DEBUG    Count: 240 [report.rs:477]
2025-10-29 04:58:22 INFO  👉 resample_df() [report.rs:277]
2025-10-29 04:58:22 DEBUG  - period: 1m [report.rs:278]
2025-10-29 04:58:22 INFO  👉 resample_df() [report.rs:277]
2025-10-29 04:58:22 DEBUG  - period: 1m [report.rs:278]
2025-10-29 04:58:22 INFO  👉 resample_df() [report.rs:277]
2025-10-29 04:58:22 DEBUG  - period: 1m [report.rs:278]
2025-10-29 04:58:22 DEBUG  - voyage hours: 0.9833 hr [report.rs:814]
2025-10-29 04:58:22 DEBUG  - Δt sum: 0.9833 hr [report.rs:850]
2025-10-29 04:58:22 INFO  👉 calc_distance() [report.rs:1342]
2025-10-29 04:58:22 DEBUG  - distance: 27095.14 m [report.rs:1366]
2025-10-29 04:58:22 DEBUG  - Δt: 3584.86 sec [report.rs:1367]
2025-10-29 04:58:22 INFO  👉 resample_df() [report.rs:277]
2025-10-29 04:58:22 DEBUG  - period: 15s [report.rs:278]
2025-10-29 04:58:22 DEBUG 👉 get_series_values() [report.rs:317]
2025-10-29 04:58:22 DEBUG  - Item: Average longitudinal water speed (Log) [report.rs:473]
2025-10-29 04:58:22 DEBUG    Tag: longitudinal_water_speed [report.rs:474]
2025-10-29 04:58:22 DEBUG    Count: 240 [report.rs:477]
2025-10-29 04:58:22 DEBUG  - Item: Average transverse water speed (Log) [report.rs:473]
2025-10-29 04:58:22 DEBUG    Tag: traverse_water_speed [report.rs:474]
2025-10-29 04:58:22 DEBUG    Count: 240 [report.rs:477]
2025-10-29 04:58:22 INFO  👉 calc_distance() [report.rs:1342]
2025-10-29 04:58:22 DEBUG  - distance: 26879.65 m [report.rs:1366]
2025-10-29 04:58:22 DEBUG  - Δt: 3585.30 sec [report.rs:1367]
2025-10-29 04:58:22 INFO  👉 resample_df() [report.rs:277]
2025-10-29 04:58:22 DEBUG  - period: 15s [report.rs:278]
2025-10-29 04:58:22 DEBUG RepoData {
    ship_name: "VENTURE IBERIA",
    imo: "9970571",
    capa: 200000.0,
    tz_departure: "GMT+9",
    tz_arrival: "GMT+9",
    port_departure: "Port A",
    port_arrival: "Port B",
    datetime_departure: "2025-10-29 03:00:00",
    datetime_arrival: "2025-10-29 04:00:00",
    me_model: "MAN B&W 6G70ME-C10.5-GI x 2",
    mcr_pwr: 14365.0,
    mcr_rpm: 72.2,
    voyage_hours: 1.0,
    voyage_days: 0.041666666666666664,
    tf: 8.72974681854248,
    tm: 8.942442893981934,
    ta: 9.155138969421387,
    bn0_hr: 0.016666666666666666,
    bn4_hr: 0.3083333333333333,
    bn5_hr: 0.6583333333333333,
    bn7_hr: 0.0,
    distance_gps: 14.630202625833334,
    distance_log: 14.51384729820614,
    sog: 14.69199470690479,
    stw: 14.573338906140764,
    prop_pitch: 9.12985,
    slip_gps: 0.058488315248989356,
    slip_log: 0.06460544591796107,
    lng_density: 445.056,
    lng_vol_departure: 4363.60498046875,
    lng_mass_departure: 1942048.5781875,
    lng_vol_arrival: 4338.708984375,
    lng_mass_arrival: 1930968.46575,
    lng_temp_departure: -149.86666870117188,
    lng_temp_departure_ct: [
        -152.88999938964844,
        -138.63999938964844,
        -158.07000732421875,
    ],
    lng_temp_arrival: -147.9633331298828,
    lng_temp_arrival_ct: [
        -150.3699951171875,
        -135.4199981689453,
        -158.10000610351563,
    ],
    vapor_press_departure: 1209.7266845703125,
    vapor_press_departure_ct: [
        1209.34521484375,
        1210.0445556640625,
        1209.8538818359375,
        1209.6630859375,
    ],
    vapor_press_arrival: 1210.5531311035156,
    vapor_press_arrival_ct: [
        1210.108154296875,
        1210.8709716796875,
        1210.6802978515625,
        1210.5531005859375,
    ],
    bog_density: 0.78011,
    bog_lhv: 49540.0,
    shaft_eff: 0.99,
    sg_eff: 0.88859826,
    alter_eff: 0.963,
    me1_lsmgo_foc: 52.037109375,
    me2_lsmgo_foc: 39.44140625,
    me1_lng_fgc: 0.865264892578125,
    me2_lng_fgc: 0.9033279418945313,
    ge_lsmgo_in: 0.5358200073242188,
    ge_pilot_in: 1.447509765625,
    ge_pilot_out: 1.44024658203125,
    ge_lsmgo_foc: 0.5430831909179688,
    ge_lng_fgc: 0.0,
    sg_lsmgo_foc: NaN,
    sg_lng_fgc: NaN,
    ab_lsmgo_foc: 0.0,
    gcu_flow: 0.0,
    reliquefied_flow: 1.16925048828125,
    vent_flow: 0.0,
    vapor_out_flow: 0.00045013427734375,
    me1_shaft_power: 4949.775,
    me2_shaft_power: 5104.370833333333,
    me1_shaft_rpm: 52.926999966303505,
    me2_shaft_rpm: 52.66349992752075,
    sg1_power: 1182.0102088928222,
    sg2_power: 1191.3697086970012,
    alter_power: 2457.675950495402,
    me1_out_power: NaN,
    me2_out_power: NaN,
    ge_out_power: NaN,
    total_lsmgo_foc_propulsion: NaN,
    total_lsmgo_foc_generation: NaN,
    total_lng_fgc_propulsion: NaN,
    total_lng_fgc_generation: NaN,
    total_foeq_propulsion: NaN,
    total_foeq_generation: NaN,
    lhv_corr_fgc_propulsion: NaN,
    lhv_corr_fgc_generation: NaN,
    total_bog_flow: NaN,
    evapor_mass: 25100.007080772062,
    bor_mass: NaN,
    bor_vol: NaN,
    bor_daily: NaN,
    propulsion_power: NaN,
    foeq_sfoc_propulsion: NaN,
    generation_power: NaN,
    foeq_sfoc_generation: NaN,
} [report.rs:1254]
